Traceback (most recent call last):
  File "/home/a474r867/scratch/nemotron-eco-reasoner/scripts/train_unsloth.py", line 137, in <module>
    ds = load_dataset("json", data_files={"train": DATA_PATH}, split="train")
         ^^^^^^^^^^^^^^^^^^^^^^^^^^^^^^^^^^^^^^^^^^^^^^^^^^^^^^^^^^^^^^^^^^^^
  File "/tmp/pip_q6k_3697944/lib/python3.11/site-packages/datasets/load.py", line 1397, in load_dataset
    builder_instance = load_dataset_builder(
                       ^^^^^^^^^^^^^^^^^^^^^
  File "/tmp/pip_q6k_3697944/lib/python3.11/site-packages/datasets/load.py", line 1137, in load_dataset_builder
    dataset_module = dataset_module_factory(
                     ^^^^^^^^^^^^^^^^^^^^^^^
  File "/tmp/pip_q6k_3697944/lib/python3.11/site-packages/datasets/load.py", line 913, in dataset_module_factory
    ).get_module()
      ^^^^^^^^^^^^
  File "/tmp/pip_q6k_3697944/lib/python3.11/site-packages/datasets/load.py", line 527, in get_module
    data_files = DataFilesDict.from_patterns(
                 ^^^^^^^^^^^^^^^^^^^^^^^^^^^^
  File "/tmp/pip_q6k_3697944/lib/python3.11/site-packages/datasets/data_files.py", line 701, in from_patterns
    else DataFilesList.from_patterns(
         ^^^^^^^^^^^^^^^^^^^^^^^^^^^^
  File "/tmp/pip_q6k_3697944/lib/python3.11/site-packages/datasets/data_files.py", line 594, in from_patterns
    resolve_pattern(
  File "/tmp/pip_q6k_3697944/lib/python3.11/site-packages/datasets/data_files.py", line 383, in resolve_pattern
    raise FileNotFoundError(error_msg)
FileNotFoundError: Unable to find '/home/a474r867/scratch/nemotron-eco-reasoner/data/train_sprint.jsonl'
