=============================================
  Q6000 Chain — Job 1 / Sat Jun  6 03:58:58 PM CDT 2026
  Recipe: seq=128, rank=16, fp16
  Output: /home/a474r867/scratch/nemotron-eco-reasoner/outputs/q6k_chain
=============================================
  Mode: RESUME from latest checkpoint
--- GPU ---
PyTorch 2.5.1+cu124 | GPU: Quadro RTX 6000 (25.2GB)
--- Installing deps ---
  Consider adding this directory to PATH or, if you prefer to suppress this warning, use --no-warn-script-location.
  Consider adding this directory to PATH or, if you prefer to suppress this warning, use --no-warn-script-location.
🦥 Unsloth: Will patch your computer to enable 2x faster free finetuning.
🦥 Unsloth Zoo will now patch everything to make training faster!
unsloth OK
--- Training (Q6000, seq=128, rank=16, fp16) ---
GPU: Quadro RTX 6000 (25.2 GB) x1
PyTorch: 2.5.1+cu124
🦥 Unsloth: Will patch your computer to enable 2x faster free finetuning.
🦥 Unsloth Zoo will now patch everything to make training faster!
Model: /home/a474r867/scratch/nemotron-model-cache/models--nvidia--NVIDIA-Nemotron-3-Nano-30B-A3B-BF16/snapshots/cbd3fa9f933d55ef16a84236559f4ee2a0526848
Config: seq=128, rank=16, alpha=16, steps=500
Precision: fp16
Resume: True
Loading model (Unsloth 4-bit)...
Unsloth: WARNING `trust_remote_code` is True.
Are you certain you want to do remote code execution?
==((====))==  Unsloth 2026.6.1: Fast Nemotron_H patching. Transformers: 4.57.6.
   \\   /|    Quadro RTX 6000. Num GPUs = 1. Max memory: 23.46 GB. Platform: Linux.
O^O/ \_/ \    Torch: 2.5.1+cu124. CUDA: 7.5. CUDA Toolkit: 12.4. Triton: 3.1.0
\        /    Bfloat16 = FALSE. FA [Xformers = None. FA2 = False]
 "-____-"     Free license: http://github.com/unslothai/unsloth
Unsloth: Fast downloading is enabled - ignore downloading bars which are red colored!
/home/a474r867/scratch/nemotron-model-cache/models--nvidia--NVIDIA-Nemotron-3-Nano-30B-A3B-BF16/snapshots/cbd3fa9f933d55ef16a84236559f4ee2a0526848 does not have a padding token! Will use pad_token = <SPECIAL_999>.
  MoE dtype patch applied to 23 layers
Unsloth: Detected MoE model with num_experts = 128 and target_modules = ['q_proj', 'k_proj', 'v_proj', 'o_proj', 'in_proj', 'out_proj', 'up_proj', 'down_proj']. Enabling LoRA on MoE parameters: ['mlp.experts.gate_up_proj', 'mlp.experts.down_proj']
Unsloth: PEFT set target_parameters but found no matching parameters.
This is expected for MoE models - Unsloth handles MoE expert LoRA targeting separately.
trainable params: 441,936,896 || all params: 32,019,874,240 || trainable%: 1.3802
Data: /home/a474r867/scratch/nemotron-eco-reasoner/data/train_sprint.jsonl
