=== A100 SWEEP TASK 7: seq=2048 rank=32 lr=5e-4 ===
--- Installing deps ---
  Consider adding this directory to PATH or, if you prefer to suppress this warning, use --no-warn-script-location.
🦥 Unsloth: Will patch your computer to enable 2x faster free finetuning.
🦥 Unsloth Zoo will now patch everything to make training faster!
unsloth OK
--- Training (A100, seq=2048, rank=32, lr=5e-4, bf16) ---
GPU: NVIDIA A100-PCIE-40GB (42.4 GB) x1
PyTorch: 2.5.1+cu124
🦥 Unsloth: Will patch your computer to enable 2x faster free finetuning.
🦥 Unsloth Zoo will now patch everything to make training faster!
Model: /home/a474r867/scratch/nemotron-model-cache/models--nvidia--NVIDIA-Nemotron-3-Nano-30B-A3B-BF16/snapshots/cbd3fa9f933d55ef16a84236559f4ee2a0526848
Config: seq=2048, rank=32, alpha=32, steps=100, lr=0.0002, grad_accum=8
Precision: bf16
Loading model (Unsloth 4-bit)...
Unsloth: WARNING `trust_remote_code` is True.
Are you certain you want to do remote code execution?
==((====))==  Unsloth 2026.6.1: Fast Nemotron_H patching. Transformers: 4.57.6.
   \\   /|    NVIDIA A100-PCIE-40GB. Num GPUs = 1. Max memory: 39.494 GB. Platform: Linux.
O^O/ \_/ \    Torch: 2.5.1+cu124. CUDA: 8.0. CUDA Toolkit: 12.4. Triton: 3.1.0
\        /    Bfloat16 = TRUE. FA [Xformers = None. FA2 = False]
 "-____-"     Free license: http://github.com/unslothai/unsloth
/home/a474r867/scratch/nemotron-model-cache/models--nvidia--NVIDIA-Nemotron-3-Nano-30B-A3B-BF16/snapshots/cbd3fa9f933d55ef16a84236559f4ee2a0526848 does not have a padding token! Will use pad_token = <SPECIAL_999>.
  MoE dtype patch applied to 23 layers
Unsloth: Detected MoE model with num_experts = 128 and target_modules = ['q_proj', 'k_proj', 'v_proj', 'o_proj', 'in_proj', 'out_proj', 'up_proj', 'down_proj']. Enabling LoRA on MoE parameters: ['mlp.experts.gate_up_proj', 'mlp.experts.down_proj']
Unsloth: PEFT set target_parameters but found no matching parameters.
This is expected for MoE models - Unsloth handles MoE expert LoRA targeting separately.
trainable params: 883,873,792 || all params: 32,461,811,136 || trainable%: 2.7228
Data: /home/a474r867/scratch/nemotron-eco-reasoner/data/train_sprint.jsonl
A100 sweep task 7 done: exit 1
